// Jest Snapshot v1, https://goo.gl/fbAQLP

exports[`Track Gateway Test should fetch tracks for the homepage 1`] = `
[
  {
    "authorId": "cat-1",
    "description": "Curious to learn what Cat-stronomy is all about? Explore the planetary and celestial alignments and how they have affected our space missions.",
    "id": "c_0",
    "thumbnail": "https://res.cloudinary.com/dety84pbu/image/upload/v1598465568/nebula_cat_djkt9r.jpg",
    "title": "Cat-stronomy, an introduction",
  },
  {
    "authorId": "cat-2",
    "description": "Be inspired by famous catstronauts who have made their names legend from across the galaxies. Special guest appearance included, so hold on to your boots!",
    "id": "c_1",
    "thumbnail": "https://res.cloudinary.com/dety84pbu/image/upload/v1598474100/famous_cats_epuqcr.jpg",
    "title": "Famous Catstronauts",
  },
  {
    "authorId": "cat-3",
    "description": "# Fidem dum accipit officio tactaeque extis caecaeque 
 ## Caelo scilicet protulit 
 Lorem markdownum et naides sumpserat nasci est vulnere mille comitesque 
 praeterque crus, cur ruere, per nemus tanta dextra? Dente fluit adspeximus 
 dempto, faciem, minimo parentali locorum! Unda an ergo equidem regia hac se est 
 ira pugnantem. 
 > Invenerit Solem agmine; aut voce melioris Lesbi. Lacrimas ad et, pendens quem, 
 > ater venatrixque quis. Sed cacumina tulisti occasus, trisulcis multum, quid. 
 > Quam Mercurium tergusque modo ubi, captis reddidit quae posse, rata popularis 
 > inferni. 
 ## Spatiosumque nigris 
 Praemia qua simul fallitur cum et iuppiter inquit adversaque cutem, at dextera, 
 alias. Scelus utque dolor, iuncta quamvis, hunc auceps celebrare coetu excussum 
 deiectam. Videres nectar utque catenas una Granico corpore, verba Iovis 
 intellectumque templum, domum dat et quod. Pedum quod cultusque versus magnorum 
 ira ratis coepi conplexibus et armento summa non Dianae, dare ardor adire. 
 Carens peperisse; omnem tenus, me sine. 
 - Dare prior 
 - Est incessit ille mirantum facta fiunt 
 - Sed modo deprendit inpediunt sublime quiete 
 ## Aeacus carpit hanc vestes senectus pocula 
 Et novos esset genetrix glacies; inluxisse protecta, est ante consumptis, 
 manumque, Phylius genitore caelarat herbosaque. Phoebus vulnera, clade debita, 
 satiantur nefando. 
 > Deprensi de velum alas Circaea quies perterrita si mota quam terres, sic si 
 > res gerebam viros esse. Medullas ut tenax mandata classe amores vastius siqua, 
 > sanabilis sed fiducia Leucon, capaci Orithyiae. Lumen terris digitis ac modo 
 > sequentis Cereri te tulerit inspicitur! Subit veneno equi videt genua in 
 > aetasque qui sanguisque, mihi flexit vivunt hamadryadas. 
 ## At pater gestamina gravi forma 
 Nec inter est adopertam nec, supernum et tecta: tapetibus? Genetrix sustinet 
 heres pugnae usquam erectos in erant Achilles! 
 Fuerat harenae me hiems Pholus tempus Phoebe. Geminis mihi vimen, in vidi 
 pigetque in mole cruore, fugat dissuadet!",
    "id": "c_2",
    "thumbnail": "https://res.cloudinary.com/dety84pbu/image/upload/v1598457117/spaceSuite_knkmu8.jpg",
    "title": "Kitty space suit, all you need to know",
  },
  {
    "authorId": "cat-4",
    "description": "# Puer terris 
 ## Comaeque et fateri adfectu 
 Lorem markdownum palude curis habet vis, fodientibus pectine spectarat Minos, 
 est. Stetimus superi, aut convaluit aut alasque domum, plenoque et ictibus 
 intemptata modo iuvat, tot et arma praemonitus. Nymphae et Ulixes erat potita. 
 > Domum busta Cumaea, est deserit; ipse pectora pinea ducentem alter. Cecidit 
 > non fit sed sua horrendae cum tota nigrantis regem sociasque quaeque postquam 
 > revocare quondam. Sacra fluit, ubique, care alis deusve fulmineis, novandi sua 
 > credite non sorores feras, pariterque de vires. Otia mirum, coma dabat, Sic 
 > sponte ingemuit hi levem. 
 ## Cum metu Orithyia 
 Praecordia benignior utiliter Iunone: erres ubi est hora luctuque petens 
 flexisque inclinata dixit tonitruque nefas inclusum? Et duce via quas dictis! 
 > Quae amores et laterique, ritu? Mentis tamen, te his unguibus, non meritum: 
 > et. Petit et metu Athenae avem, per futura terram tum viro blanditiae? Lumina 
 > adversaque rogos et ignes pariter nutrix sacris regionibus tenuisse ritus. 
 > Ortygiam lapidum gesserunt desectum ullis vulnere, propior ad Achilles. 
 ## Coepi ferrugine hoc nec imagine ausae Phrygiis 
 Abdidit perculit duritiam acceptaque; tu varias publica clarissima penetrant 
 vimque praedaeque sed. Aurora scelerata sanguine aram est mihi ferunt, in illa 
 corniger quem virgineo bella, et palato. Bella arces corpora poterit celerem 
 ponitur, virgine fraudat diversa nec fama facientes, cognita Bienoris potentem. 
 Fidem desiluit, Aegides et dici aggere petebatur, magna cava numeros, spes ultra 
 videt. Nec dedit cognita deorum aliquam moriens munusque praetendat opibusque 
 videbar aquoso reduxi hoc sis prodesse saepe. 
 ## Marmore et beatus et agit tolluntur gremioque 
 Amor spiris mediis, pretiumque uvis: dilata secundi decidit. Est ignes buxo 
 ipsius; neque illi vulnera moenibus; sentiet manus, corniger boum, corpusque 
 meri est. Pulvere manet spolieris est; aduncos urbi dum casas attrahite rugosis. 
 At umeros in antris adparentia limina binas parte omine nec. Sub deae freta! 
 Possint minimos movebatur te spatio ignaro. Nec gerit ait tota quo rimis vox, 
 tota cum, diu pennisque pande. Est simul indigenae supplex quoque; praecipitant 
 auras funda, duce manere ubi.",
    "id": "c_3",
    "thumbnail": "https://res.cloudinary.com/dety84pbu/image/upload/v1598475110/catstrophysicist_bqfh9n.jpg",
    "title": "Cat-strophysics, master class",
  },
  {
    "authorId": "cat-5",
    "description": "# Sentite radice paratis 
 ## Armentum quo sucos est captatur ades 
 Lorem markdownum brevi ne finite ad duorum genitus rorantia nec. Attonitos 
 spectans sortita conspexit, et qui foret pueroque, bene Ilios. 
 - Unum vaga penetralia prima patruelibus humum popularia 
 - Sensit quam exsiluere fulgura 
 - Puerpera Mavors Caeneus ortas belli conspexit scindunt 
 Dolorem formae, ad meliore ab ipse fer poma Agenorides arbore, Veneri. Esse 
 attonitusque tinctis Minervae Cererem prius aequantur iaciuntque torum inpono, 
 ignari lacrimis inque namque acceptaque unguibus. Fuit recentia nec? Fatebere 
 Phrygiisque manibus habet artus deformes obviaque se harenae metuunt diffugiunt 
 inpius filum ventisque, protulit in venit repetens vocabis? 
 ## Viget vina illam 
 Villo lacrimas et Mimasque simul, et Talia mihi pes mihi: pontus pronus. 
 Concordia petunt crinibus, pectora radice, narratur in sublimia coniunx 
 simulacra viguere finemque in. Sequitur tenvit harenosae ossaque, mihi! Sed 
 carae qua portenditur exul diu, est tamen Atlantis eripuit ait Marte comitemque! 
 1. Et data 
 2. Vehebat lucidus est alis vetustos recepit 
 3. Maiores forsitan dedisse Teleboasque Delphis pugnat pelago 
 4. Sustinet tu Aeneia quid 
 5. Tecta gestumque enim nuda isdem Hectoris 
 6. Esse illic ipso non gravis 
 Suam salibus talia. Fuit alti esse dare occubuisse austri delere fugisse, saeva. 
 Arcas demere. Dedecus haec. Inplevere sidera mactati genetrix certa expertus 
 herbas. 
 Vaccam primum dum: sit omnis tophis proelia onerosior pavidus venit Sospite; in 
 terra audax videre quodcumque amictae. Fore natura ac trementi agresti plumae 
 secum! Sed tulit: sua capit sceleri, os metum est unus vota, unda in reicere 
 tostae. Et maxime costis postquam nymphae qui qui deprendere, me esse, cum 
 mollita adsis meta quaerere, non! Ultra sunt hos, turgida ad illi, audire vacant 
 at et illa utiliter?",
    "id": "c_4",
    "thumbnail": "https://res.cloudinary.com/dety84pbu/image/upload/v1598464617/crew_dragon_ayxwp8.jpg",
    "title": "Crew Dragon, kitty edition",
  },
  {
    "authorId": "cat-6",
    "description": "# Puer terris 
 ## Comaeque et fateri adfectu 
 Lorem markdownum palude curis habet vis, fodientibus pectine spectarat Minos, 
 est. Stetimus superi, aut convaluit aut alasque domum, plenoque et ictibus 
 intemptata modo iuvat, tot et arma praemonitus. Nymphae et Ulixes erat potita. 
 > Domum busta Cumaea, est deserit; ipse pectora pinea ducentem alter. Cecidit 
 > non fit sed sua horrendae cum tota nigrantis regem sociasque quaeque postquam 
 > revocare quondam. Sacra fluit, ubique, care alis deusve fulmineis, novandi sua 
 > credite non sorores feras, pariterque de vires. Otia mirum, coma dabat, Sic 
 > sponte ingemuit hi levem. 
 ## Cum metu Orithyia 
 Praecordia benignior utiliter Iunone: erres ubi est hora luctuque petens 
 flexisque inclinata dixit tonitruque nefas inclusum? Et duce via quas dictis! 
 > Quae amores et laterique, ritu? Mentis tamen, te his unguibus, non meritum: 
 > et. Petit et metu Athenae avem, per futura terram tum viro blanditiae? Lumina 
 > adversaque rogos et ignes pariter nutrix sacris regionibus tenuisse ritus. 
 > Ortygiam lapidum gesserunt desectum ullis vulnere, propior ad Achilles. 
 ## Coepi ferrugine hoc nec imagine ausae Phrygiis 
 Abdidit perculit duritiam acceptaque; tu varias publica clarissima penetrant 
 vimque praedaeque sed. Aurora scelerata sanguine aram est mihi ferunt, in illa 
 corniger quem virgineo bella, et palato. Bella arces corpora poterit celerem 
 ponitur, virgine fraudat diversa nec fama facientes, cognita Bienoris potentem. 
 Fidem desiluit, Aegides et dici aggere petebatur, magna cava numeros, spes ultra 
 videt. Nec dedit cognita deorum aliquam moriens munusque praetendat opibusque 
 videbar aquoso reduxi hoc sis prodesse saepe. 
 ## Marmore et beatus et agit tolluntur gremioque 
 Amor spiris mediis, pretiumque uvis: dilata secundi decidit. Est ignes buxo 
 ipsius; neque illi vulnera moenibus; sentiet manus, corniger boum, corpusque 
 meri est. Pulvere manet spolieris est; aduncos urbi dum casas attrahite rugosis. 
 At umeros in antris adparentia limina binas parte omine nec. Sub deae freta! 
 Possint minimos movebatur te spatio ignaro. Nec gerit ait tota quo rimis vox, 
 tota cum, diu pennisque pande. Est simul indigenae supplex quoque; praecipitant 
 auras funda, duce manere ubi.",
    "id": "c_5",
    "thumbnail": "https://res.cloudinary.com/dety84pbu/image/upload/v1598476307/solar_ynf4mf.jpg",
    "title": "Solar System, crash track",
  },
  {
    "authorId": "cat-7",
    "description": "# Sentite radice paratis 
 ## Armentum quo sucos est captatur ades 
 Lorem markdownum brevi ne finite ad duorum genitus rorantia nec. Attonitos 
 spectans sortita conspexit, et qui foret pueroque, bene Ilios. 
 - Unum vaga penetralia prima patruelibus humum popularia 
 - Sensit quam exsiluere fulgura 
 - Puerpera Mavors Caeneus ortas belli conspexit scindunt 
 Dolorem formae, ad meliore ab ipse fer poma Agenorides arbore, Veneri. Esse 
 attonitusque tinctis Minervae Cererem prius aequantur iaciuntque torum inpono, 
 ignari lacrimis inque namque acceptaque unguibus. Fuit recentia nec? Fatebere 
 Phrygiisque manibus habet artus deformes obviaque se harenae metuunt diffugiunt 
 inpius filum ventisque, protulit in venit repetens vocabis? 
 ## Viget vina illam 
 Villo lacrimas et Mimasque simul, et Talia mihi pes mihi: pontus pronus. 
 Concordia petunt crinibus, pectora radice, narratur in sublimia coniunx 
 simulacra viguere finemque in. Sequitur tenvit harenosae ossaque, mihi! Sed 
 carae qua portenditur exul diu, est tamen Atlantis eripuit ait Marte comitemque! 
 1. Et data 
 2. Vehebat lucidus est alis vetustos recepit 
 3. Maiores forsitan dedisse Teleboasque Delphis pugnat pelago 
 4. Sustinet tu Aeneia quid 
 5. Tecta gestumque enim nuda isdem Hectoris 
 6. Esse illic ipso non gravis 
 Suam salibus talia. Fuit alti esse dare occubuisse austri delere fugisse, saeva. 
 Arcas demere. Dedecus haec. Inplevere sidera mactati genetrix certa expertus 
 herbas. 
 Vaccam primum dum: sit omnis tophis proelia onerosior pavidus venit Sospite; in 
 terra audax videre quodcumque amictae. Fore natura ac trementi agresti plumae 
 secum! Sed tulit: sua capit sceleri, os metum est unus vota, unda in reicere 
 tostae. Et maxime costis postquam nymphae qui qui deprendere, me esse, cum 
 mollita adsis meta quaerere, non! Ultra sunt hos, turgida ad illi, audire vacant 
 at et illa utiliter?",
    "id": "c_6",
    "thumbnail": "https://images.unsplash.com/photo-1448222993383-a2fff2914d27?ixlib=rb-1.2.1&q=80&fm=jpg&crop=entropy&cs=tinysrgb&w=1080&fit=max&ixid=eyJhcHBfaWQiOjExNzA0OH0",
    "title": "Mars-A-CAT, for dummies",
  },
  {
    "authorId": "cat-8",
    "description": "# Nutrix alte est quam iactantem adhuc 
 ## Fratris uvis morer est utraque fessamque aequore 
 Lorem markdownum iniuria, est adsum resonant genus duorum umida, cur dea vultu. 
 Aetas iacit primus minuant volvens, natalibus, supra Cythereide centauri matrum 
 per. Pendere qui nec: foliis genusque; inmoriuntur surgimus licuit in deos, sibi 
 est. 
 - Quod dum epulas siqua 
 - Litora alta tot bracchia domo 
 - Mihi fit delabor etiam dei satisque eodem 
 Minervae inde patris edidit, perdideris, iugulo nec, o tenentem utque corpora. 
 Clamat in colorem iacet adcommodat extensus sagax te solvit tanto! Metu ille 
 Iovis, dea veniebat, Deucalion non; exstantem pugnae Neptunum; adit. 
 Silvis posset intextum radiorum at Oeten orbem restabat: corpore unum; gratia 
 Aeneas, amens verum eiaculatur Scythiam quod. Tuoque dum. Fugit unius? Venientem 
 petebat tingui erat isset aenae excelsa erat frustra cum turbamve parens 
 conplentur primis, ait amplexas de. 
 ## Pugno digna coniuge et cinctum fecit 
 Albo detrahis amentia has pulsa infelix alimenta, in manu rorantia excidit 
 promisistis furoris tibi. Mea tamen opem non. Luce humilem, et fuit auget, 
 reliquit erit. Pandione tibi adiectura largi admirantes Damasicthona saxa gestae 
 largi umida tantum sapiens; his latices marmore magico. Et Minos est cum dea 
 quibus nostro, peto omnia victa concutit domique, fructus obstipuere colla et 
 ordine inminet. 
 Prosunt admovit viva simulacraque tenet concipit nomine est quae cura semper 
 illo densus uno, coit! Tinxit et litora, dapes Tlepolemus urbesque inquinat; 
 oscula fonti; funera ad foret Laertiadaeque dentes terram hic aquae. Nostros 
 modusque qui? Ora quod procul agit satis celeberrima nec, sistrum olim. Invidiam 
 condita cum apertos iacent convertunt mando. 
 1. Longam sisti tantique 
 2. Quae igne litora 
 3. Et manu fretum Cephalum gaudia paelice quem 
 4. Ruborem pondere sanguine 
 Refert potentia tumulos difficilis scopulum Bacchus aestu sinunt. Tali deum quae 
 ultimus! 
 Clamavit capillos feres vulnera silva totas iuncti. Unum artes squamigeris sitim 
 modusque virginibusque iugulum ore Rutuli, sua interea desere. Et suos in 
 natales insignia multorumque mihi; et pelle infelix quondam; crura non.",
    "id": "c_8",
    "thumbnail": "https://images.unsplash.com/photo-1585731158597-39208f9a06e2?ixlib=rb-1.2.1&q=80&fm=jpg&crop=entropy&cs=tinysrgb&w=1080&fit=max&ixid=eyJhcHBfaWQiOjExNzA0OH0",
    "title": "Cat-strodynamics 101",
  },
  {
    "authorId": "cat-9",
    "description": "# Puer terris 
 ## Comaeque et fateri adfectu 
 Lorem markdownum palude curis habet vis, fodientibus pectine spectarat Minos, 
 est. Stetimus superi, aut convaluit aut alasque domum, plenoque et ictibus 
 intemptata modo iuvat, tot et arma praemonitus. Nymphae et Ulixes erat potita. 
 > Domum busta Cumaea, est deserit; ipse pectora pinea ducentem alter. Cecidit 
 > non fit sed sua horrendae cum tota nigrantis regem sociasque quaeque postquam 
 > revocare quondam. Sacra fluit, ubique, care alis deusve fulmineis, novandi sua 
 > credite non sorores feras, pariterque de vires. Otia mirum, coma dabat, Sic 
 > sponte ingemuit hi levem. 
 ## Cum metu Orithyia 
 Praecordia benignior utiliter Iunone: erres ubi est hora luctuque petens 
 flexisque inclinata dixit tonitruque nefas inclusum? Et duce via quas dictis! 
 > Quae amores et laterique, ritu? Mentis tamen, te his unguibus, non meritum: 
 > et. Petit et metu Athenae avem, per futura terram tum viro blanditiae? Lumina 
 > adversaque rogos et ignes pariter nutrix sacris regionibus tenuisse ritus. 
 > Ortygiam lapidum gesserunt desectum ullis vulnere, propior ad Achilles. 
 ## Coepi ferrugine hoc nec imagine ausae Phrygiis 
 Abdidit perculit duritiam acceptaque; tu varias publica clarissima penetrant 
 vimque praedaeque sed. Aurora scelerata sanguine aram est mihi ferunt, in illa 
 corniger quem virgineo bella, et palato. Bella arces corpora poterit celerem 
 ponitur, virgine fraudat diversa nec fama facientes, cognita Bienoris potentem. 
 Fidem desiluit, Aegides et dici aggere petebatur, magna cava numeros, spes ultra 
 videt. Nec dedit cognita deorum aliquam moriens munusque praetendat opibusque 
 videbar aquoso reduxi hoc sis prodesse saepe. 
 ## Marmore et beatus et agit tolluntur gremioque 
 Amor spiris mediis, pretiumque uvis: dilata secundi decidit. Est ignes buxo 
 ipsius; neque illi vulnera moenibus; sentiet manus, corniger boum, corpusque 
 meri est. Pulvere manet spolieris est; aduncos urbi dum casas attrahite rugosis. 
 At umeros in antris adparentia limina binas parte omine nec. Sub deae freta! 
 Possint minimos movebatur te spatio ignaro. Nec gerit ait tota quo rimis vox, 
 tota cum, diu pennisque pande. Est simul indigenae supplex quoque; praecipitant 
 auras funda, duce manere ubi.",
    "id": "c_9",
    "thumbnail": "https://res.cloudinary.com/dety84pbu/image/upload/v1598627737/rover-cat_hv1aan.jpg",
    "title": "Rover Driving, for beginners",
  },
  {
    "authorId": "cat-10",
    "description": "# Nutrix alte est quam iactantem adhuc 
 ## Fratris uvis morer est utraque fessamque aequore 
 Lorem markdownum iniuria, est adsum resonant genus duorum umida, cur dea vultu. 
 Aetas iacit primus minuant volvens, natalibus, supra Cythereide centauri matrum 
 per. Pendere qui nec: foliis genusque; inmoriuntur surgimus licuit in deos, sibi 
 est. 
 - Quod dum epulas siqua 
 - Litora alta tot bracchia domo 
 - Mihi fit delabor etiam dei satisque eodem 
 Minervae inde patris edidit, perdideris, iugulo nec, o tenentem utque corpora. 
 Clamat in colorem iacet adcommodat extensus sagax te solvit tanto! Metu ille 
 Iovis, dea veniebat, Deucalion non; exstantem pugnae Neptunum; adit. 
 Silvis posset intextum radiorum at Oeten orbem restabat: corpore unum; gratia 
 Aeneas, amens verum eiaculatur Scythiam quod. Tuoque dum. Fugit unius? Venientem 
 petebat tingui erat isset aenae excelsa erat frustra cum turbamve parens 
 conplentur primis, ait amplexas de. 
 ## Pugno digna coniuge et cinctum fecit 
 Albo detrahis amentia has pulsa infelix alimenta, in manu rorantia excidit 
 promisistis furoris tibi. Mea tamen opem non. Luce humilem, et fuit auget, 
 reliquit erit. Pandione tibi adiectura largi admirantes Damasicthona saxa gestae 
 largi umida tantum sapiens; his latices marmore magico. Et Minos est cum dea 
 quibus nostro, peto omnia victa concutit domique, fructus obstipuere colla et 
 ordine inminet. 
 Prosunt admovit viva simulacraque tenet concipit nomine est quae cura semper 
 illo densus uno, coit! Tinxit et litora, dapes Tlepolemus urbesque inquinat; 
 oscula fonti; funera ad foret Laertiadaeque dentes terram hic aquae. Nostros 
 modusque qui? Ora quod procul agit satis celeberrima nec, sistrum olim. Invidiam 
 condita cum apertos iacent convertunt mando. 
 1. Longam sisti tantique 
 2. Quae igne litora 
 3. Et manu fretum Cephalum gaudia paelice quem 
 4. Ruborem pondere sanguine 
 Refert potentia tumulos difficilis scopulum Bacchus aestu sinunt. Tali deum quae 
 ultimus! 
 Clamavit capillos feres vulnera silva totas iuncti. Unum artes squamigeris sitim 
 modusque virginibusque iugulum ore Rutuli, sua interea desere. Et suos in 
 natales insignia multorumque mihi; et pelle infelix quondam; crura non.",
    "id": "c_10",
    "thumbnail": "https://images.unsplash.com/photo-1442291928580-fb5d0856a8f1?ixlib=rb-1.2.1&q=80&fm=jpg&crop=entropy&cs=tinysrgb&w=1080&fit=max&ixid=eyJhcHBfaWQiOjExNzA0OH0",
    "title": "To The Moon, 7 steps program",
  },
  {
    "authorId": "cat-11",
    "description": "# Puer terris 
 ## Comaeque et fateri adfectu 
 Lorem markdownum palude curis habet vis, fodientibus pectine spectarat Minos, 
 est. Stetimus superi, aut convaluit aut alasque domum, plenoque et ictibus 
 intemptata modo iuvat, tot et arma praemonitus. Nymphae et Ulixes erat potita. 
 > Domum busta Cumaea, est deserit; ipse pectora pinea ducentem alter. Cecidit 
 > non fit sed sua horrendae cum tota nigrantis regem sociasque quaeque postquam 
 > revocare quondam. Sacra fluit, ubique, care alis deusve fulmineis, novandi sua 
 > credite non sorores feras, pariterque de vires. Otia mirum, coma dabat, Sic 
 > sponte ingemuit hi levem. 
 ## Cum metu Orithyia 
 Praecordia benignior utiliter Iunone: erres ubi est hora luctuque petens 
 flexisque inclinata dixit tonitruque nefas inclusum? Et duce via quas dictis! 
 > Quae amores et laterique, ritu? Mentis tamen, te his unguibus, non meritum: 
 > et. Petit et metu Athenae avem, per futura terram tum viro blanditiae? Lumina 
 > adversaque rogos et ignes pariter nutrix sacris regionibus tenuisse ritus. 
 > Ortygiam lapidum gesserunt desectum ullis vulnere, propior ad Achilles. 
 ## Coepi ferrugine hoc nec imagine ausae Phrygiis 
 Abdidit perculit duritiam acceptaque; tu varias publica clarissima penetrant 
 vimque praedaeque sed. Aurora scelerata sanguine aram est mihi ferunt, in illa 
 corniger quem virgineo bella, et palato. Bella arces corpora poterit celerem 
 ponitur, virgine fraudat diversa nec fama facientes, cognita Bienoris potentem. 
 Fidem desiluit, Aegides et dici aggere petebatur, magna cava numeros, spes ultra 
 videt. Nec dedit cognita deorum aliquam moriens munusque praetendat opibusque 
 videbar aquoso reduxi hoc sis prodesse saepe. 
 ## Marmore et beatus et agit tolluntur gremioque 
 Amor spiris mediis, pretiumque uvis: dilata secundi decidit. Est ignes buxo 
 ipsius; neque illi vulnera moenibus; sentiet manus, corniger boum, corpusque 
 meri est. Pulvere manet spolieris est; aduncos urbi dum casas attrahite rugosis. 
 At umeros in antris adparentia limina binas parte omine nec. Sub deae freta! 
 Possint minimos movebatur te spatio ignaro. Nec gerit ait tota quo rimis vox, 
 tota cum, diu pennisque pande. Est simul indigenae supplex quoque; praecipitant 
 auras funda, duce manere ubi.",
    "id": "c_11",
    "thumbnail": "https://images.unsplash.com/photo-1593627010886-d34828365da7?ixlib=rb-1.2.1&q=80&fm=jpg&crop=entropy&cs=tinysrgb&w=1080&fit=max&ixid=eyJhcHBfaWQiOjExNzA0OH0",
    "title": "Space CATastrophes, pro level",
  },
  {
    "authorId": "cat-12",
    "description": "# Sentite radice paratis 
 ## Armentum quo sucos est captatur ades 
 Lorem markdownum brevi ne finite ad duorum genitus rorantia nec. Attonitos 
 spectans sortita conspexit, et qui foret pueroque, bene Ilios. 
 - Unum vaga penetralia prima patruelibus humum popularia 
 - Sensit quam exsiluere fulgura 
 - Puerpera Mavors Caeneus ortas belli conspexit scindunt 
 Dolorem formae, ad meliore ab ipse fer poma Agenorides arbore, Veneri. Esse 
 attonitusque tinctis Minervae Cererem prius aequantur iaciuntque torum inpono, 
 ignari lacrimis inque namque acceptaque unguibus. Fuit recentia nec? Fatebere 
 Phrygiisque manibus habet artus deformes obviaque se harenae metuunt diffugiunt 
 inpius filum ventisque, protulit in venit repetens vocabis? 
 ## Viget vina illam 
 Villo lacrimas et Mimasque simul, et Talia mihi pes mihi: pontus pronus. 
 Concordia petunt crinibus, pectora radice, narratur in sublimia coniunx 
 simulacra viguere finemque in. Sequitur tenvit harenosae ossaque, mihi! Sed 
 carae qua portenditur exul diu, est tamen Atlantis eripuit ait Marte comitemque! 
 1. Et data 
 2. Vehebat lucidus est alis vetustos recepit 
 3. Maiores forsitan dedisse Teleboasque Delphis pugnat pelago 
 4. Sustinet tu Aeneia quid 
 5. Tecta gestumque enim nuda isdem Hectoris 
 6. Esse illic ipso non gravis 
 Suam salibus talia. Fuit alti esse dare occubuisse austri delere fugisse, saeva. 
 Arcas demere. Dedecus haec. Inplevere sidera mactati genetrix certa expertus 
 herbas. 
 Vaccam primum dum: sit omnis tophis proelia onerosior pavidus venit Sospite; in 
 terra audax videre quodcumque amictae. Fore natura ac trementi agresti plumae 
 secum! Sed tulit: sua capit sceleri, os metum est unus vota, unda in reicere 
 tostae. Et maxime costis postquam nymphae qui qui deprendere, me esse, cum 
 mollita adsis meta quaerere, non! Ultra sunt hos, turgida ad illi, audire vacant 
 at et illa utiliter?",
    "id": "c_12",
    "thumbnail": "https://images.unsplash.com/photo-1556089969-9928c26e7edf?ixlib=rb-1.2.1&q=80&fm=jpg&crop=entropy&cs=tinysrgb&w=1080&fit=max&ixid=eyJhcHBfaWQiOjExNzA0OH0",
    "title": "Kitty Rockets, the hard way",
  },
  {
    "authorId": "cat-5",
    "description": "# Nutrix alte est quam iactantem adhuc 
 ## Fratris uvis morer est utraque fessamque aequore 
 Lorem markdownum iniuria, est adsum resonant genus duorum umida, cur dea vultu. 
 Aetas iacit primus minuant volvens, natalibus, supra Cythereide centauri matrum 
 per. Pendere qui nec: foliis genusque; inmoriuntur surgimus licuit in deos, sibi 
 est. 
 - Quod dum epulas siqua 
 - Litora alta tot bracchia domo 
 - Mihi fit delabor etiam dei satisque eodem 
 Minervae inde patris edidit, perdideris, iugulo nec, o tenentem utque corpora. 
 Clamat in colorem iacet adcommodat extensus sagax te solvit tanto! Metu ille 
 Iovis, dea veniebat, Deucalion non; exstantem pugnae Neptunum; adit. 
 Silvis posset intextum radiorum at Oeten orbem restabat: corpore unum; gratia 
 Aeneas, amens verum eiaculatur Scythiam quod. Tuoque dum. Fugit unius? Venientem 
 petebat tingui erat isset aenae excelsa erat frustra cum turbamve parens 
 conplentur primis, ait amplexas de. 
 ## Pugno digna coniuge et cinctum fecit 
 Albo detrahis amentia has pulsa infelix alimenta, in manu rorantia excidit 
 promisistis furoris tibi. Mea tamen opem non. Luce humilem, et fuit auget, 
 reliquit erit. Pandione tibi adiectura largi admirantes Damasicthona saxa gestae 
 largi umida tantum sapiens; his latices marmore magico. Et Minos est cum dea 
 quibus nostro, peto omnia victa concutit domique, fructus obstipuere colla et 
 ordine inminet. 
 Prosunt admovit viva simulacraque tenet concipit nomine est quae cura semper 
 illo densus uno, coit! Tinxit et litora, dapes Tlepolemus urbesque inquinat; 
 oscula fonti; funera ad foret Laertiadaeque dentes terram hic aquae. Nostros 
 modusque qui? Ora quod procul agit satis celeberrima nec, sistrum olim. Invidiam 
 condita cum apertos iacent convertunt mando. 
 1. Longam sisti tantique 
 2. Quae igne litora 
 3. Et manu fretum Cephalum gaudia paelice quem 
 4. Ruborem pondere sanguine 
 Refert potentia tumulos difficilis scopulum Bacchus aestu sinunt. Tali deum quae 
 ultimus! 
 Clamavit capillos feres vulnera silva totas iuncti. Unum artes squamigeris sitim 
 modusque virginibusque iugulum ore Rutuli, sua interea desere. Et suos in 
 natales insignia multorumque mihi; et pelle infelix quondam; crura non.",
    "id": "c_13",
    "thumbnail": "https://images.unsplash.com/photo-1520008150259-a95a6e8df6cc?ixlib=rb-1.2.1&q=80&fm=jpg&crop=entropy&cs=tinysrgb&w=1080&fit=max&ixid=eyJhcHBfaWQiOjExNzA0OH0",
    "title": "Space-Cat-Walk, best practices",
  },
]
`;
